"polar-file"
"Iteration" "cd-report etc.."
("Iteration" "cd-report" "cl-report")
1 -1.180151701270452e-07 6.268113390945739e-07
2 0.0009396027522250913 -0.000208986891409132
3 0.03167617284754464 0.0816148798960641
4 0.03906067546606105 0.106771768784647
5 0.04048542276652187 0.1417488247149958
6 0.03252792653924195 0.1687622440108731
7 0.02712869418524279 0.1884913657021516
8 0.02378153283225839 0.2068590074437989
9 0.02225302846392808 0.225444167283305
10 0.02181807061032832 0.2400958048678313
11 0.02175630802487229 0.2522662405073642
12 0.02182186581807618 0.2628872417058789
13 0.02189068109944195 0.2711571732430826
14 0.02184210151901401 0.2769289183556514
15 0.02155543511062314 0.2791661025610882
16 0.02111281803561096 0.2769273743846172
17 0.02055328713422467 0.2702732880444796
18 0.02000432104271341 0.2611895774537908
19 0.01957793598022568 0.2530932542654647
20 0.01942997291926568 0.250787942984363
21 0.01948423215897522 0.2550427154981514
22 0.01964146345084191 0.263791282947925
23 0.01978143064244708 0.2743345873668517
24 0.0198565358160152 0.2845453000716811
25 0.01985475983435696 0.2932687165298011
26 0.01982003578152499 0.3002211832312128
27 0.01977268088412356 0.3056618584324365
28 0.01973253796019444 0.3098039062122873
29 0.01970549039976574 0.313013575442506
30 0.01969558635758658 0.3156011257568213
31 0.01969720060184709 0.3177045459834107
32 0.01970410185910507 0.3194241427278711
33 0.0197096574437437 0.3207924316982505
34 0.01971426512180143 0.3218495203193739
35 0.01971570810368977 0.3226439207326033
36 0.01971501338795571 0.3232205074043435
37 0.0197126337014308 0.3236306747766827
38 0.01971088221175276 0.323949938310376
39 0.01971025380735162 0.3242298569580487
40 0.01971222312630616 0.3245226453982417
41 0.01971671689045171 0.3248736129069511
42 0.01972335469076873 0.3253251839248186
43 0.01972942028294329 0.3260083378453409
44 0.0197473010222941 0.3269850088572704
45 0.01976462117392292 0.3281437249068807
46 0.01978222821166827 0.3294094007910885
47 0.01979850912049749 0.3307206417775555
48 0.01981466420184622 0.3320355541151536
49 0.01982988942032943 0.3333089586550969
50 0.01984426146675805 0.3345263856750259
51 0.01985772410208272 0.3356732906785918
52 0.01987057115069318 0.3367438973892007
53 0.01988301926198762 0.3377407949005799
54 0.01989594257875813 0.3386710789827351
55 0.01991006113432343 0.3395432393774548
56 0.01992440483352103 0.3403686987609917
57 0.01993876256372109 0.341158753893991
58 0.01995297297205582 0.3419211748260406
59 0.0199669629591205 0.3426599379931898
60 0.01998077347029547 0.343376491344023
61 0.01999420878472026 0.344070783005419
62 0.02000728661897459 0.3447403774944155
63 0.02001987475329514 0.345382183688646
64 0.02003202005059453 0.3459928493542494
65 0.02004349292515523 0.3465703742782504
66 0.02005448077612251 0.3471132979499598
67 0.02006486882128819 0.347621169712526
68 0.02007394802116047 0.348119852301203
69 0.02008509810717718 0.3486039753083805
70 0.02009623948621084 0.3490361124448577
71 0.02010421562074946 0.349419763145467
72 0.02011156752399457 0.3497657417064827
73 0.02011817444195672 0.3500965263545394
74 0.02012769503045489 0.3504153390683763
75 0.02013680379919506 0.3507131098351928
76 0.02014549194518469 0.3509898837652474
77 0.02015311290820341 0.3512439235189361
78 0.02016008049590431 0.3514781079365022
79 0.02016617625021726 0.3516932113756877
80 0.02017177287668238 0.3518921616315747
81 0.02017673667380384 0.3520765818704499
82 0.02018134023426798 0.3522488934099648
83 0.02048016753231167 0.3448194203079991
84 0.02055257758932801 0.3429987082406091
85 0.02056028145672273 0.3455421877610901
86 0.02034146878799243 0.3505410451088353
87 0.02006668951554005 0.3573693298096978
88 0.01969820132027039 0.364658087376341
89 0.01934516030954657 0.3720113640659082
90 0.01898446106872537 0.3787200938392098
91 0.01866920454583992 0.3847116632667699
92 0.01838670662885663 0.3897677358454077
93 0.01816012341367827 0.3940091595261688
94 0.01797037009843868 0.3974304437326838
95 0.01782773474334924 0.4001905032187461
96 0.0177885244557377 0.4018553497579126
97 0.01770675579943734 0.403360051104493
98 0.0176360372126378 0.4046423151760511
99 0.0175668141633596 0.4056355618911156
100 0.01784960505955374 0.3990563601411372
101 0.01794690806880532 0.3970450406300812
102 0.01786367709520375 0.4001561875316478
103 0.01759129018840192 0.4055460903081681
104 0.01721994312595908 0.4124383963106579
105 0.01676149241272021 0.4198575424529706
106 0.01629448874746732 0.4272255200379979
107 0.01583931345129091 0.4339973531155466
108 0.01542628698252804 0.4400173353749878
109 0.0150587620087417 0.4451368386139456
110 0.01475312167599159 0.4494257381905598
111 0.01462073888867562 0.4521420066733844
112 0.01434946344445272 0.455228369369995
113 0.01418514896161138 0.4576863827474981
114 0.01409155548025615 0.4589561128671548
115 0.01401181064516805 0.4601621361265553
116 0.01390285952333117 0.4613863190011847
117 0.01384420848239615 0.4623054187972003
118 0.01381790936859875 0.4627272134017531
119 0.01419311003054207 0.4557158397748339
120 0.01421503535778318 0.4543635975292849
121 0.01413895414282506 0.4565544375123238
122 0.01384458642964564 0.4610776878334061
123 0.01343669495586769 0.4674997328814244
124 0.01289938198110799 0.4745163023061097
125 0.01235300420525751 0.4816461164822986
126 0.01178943334437851 0.4882299199911512
127 0.01128063714349561 0.4941356932774554
128 0.01081722848638539 0.4991388636336302
129 0.01043105249174932 0.5033232461279081
130 0.01010409619303198 0.5066887733789733
131 0.009843929286274294 0.5093767995962167
132 0.009635140500237473 0.5114531080410778
133 0.009476424279804899 0.5130584614978007
134 0.009354731351779548 0.5142644363917135
135 0.009297699863297738 0.5149680774017426
136 0.009238069550770323 0.5155252949173691
137 0.009189023462392486 0.5160209383050308
138 0.00959586041097206 0.5089863150762042
139 0.009585002392529721 0.5076438737305881
140 0.009465020843700409 0.5093622348476301
141 0.009141892030691986 0.5134615555411337
142 0.008658285608981115 0.5195823185062335
143 0.008048652346968334 0.5263631419441012
144 0.007388123134219453 0.5333588207606039
145 0.006731083067386318 0.5398506515662456
146 0.006116884367138488 0.5457246932495348
147 0.005567514530666244 0.55070480756961
148 0.005093528393874422 0.5548793995166208
149 0.004698428251838823 0.5582194052902422
150 0.004378559824463298 0.5608906840156099
151 0.004129180101947823 0.5629412337121074
152 0.004014847895244368 0.5641952151929869
153 0.00388721024021852 0.5652366145109416
154 0.003780538982968818 0.566147209352686
155 0.00368582178869108 0.5668327125649064
156 0.003612184599397779 0.567393298236504
157 0.00406998513779078 0.5604101132232502
158 0.004025306810269916 0.5589929215707165
159 0.003854546234924806 0.5602915315077152
160 0.003518848885811897 0.5640308829985022
161 0.002968402302067007 0.5699014825452305
162 0.002298975491548194 0.5765141096478962
163 0.00155004095644044 0.5833879359042962
164 0.0008067418192464095 0.5897786993762862
165 0.0001020277005582006 0.5955346719962874
166 -0.0005248298017935506 0.6004081149314476
167 -0.001056680658471638 0.6044739894555864
168 -0.001502630811926558 0.6077216950378138
169 -0.001860379855896381 0.6102894833568094
170 -0.002040422766556868 0.6118453185603836
171 -0.00222063110174943 0.6131906323433823
172 -0.002378780046300776 0.6143215072709698
173 -0.002515651946128461 0.6151945462553691
174 -0.002629048966951621 0.6158751393018428
175 -0.002717826365308251 0.6163687549719667
176 -0.002786267844461411 0.6167352464459495
